started_at=2026-09-03T17:25:50.578789+00:00
command=uv run --no-dev --extra e2b --project /tmp/critique-harbor-src-20260903 harbor trial start --path /Users/repathkhan/critique/critique/benchmarks/mercury_v2/tasks/featbench/conan-io__conan-18493 --agent oracle --env e2b --trial-name conan-io__conan-18493__oracle__v2-oracle --trials-dir /Users/repathkhan/critique/critique/benchmarks/mercury_v2/results/mercury-v2/trials --agent-timeout 3600 --agent-setup-timeout 1800 --verifier-timeout 1800 --delete
Starting trial: conan-io__conan-18493__oracle__v2-oracle
Task: conan-io__conan-18493
Agent: oracle
Environment: e2b
Trials directory: 
/Users/repathkhan/critique/critique/benchmarks/mercury_v2/results/mercury-v2/tri
als
Response 404
Unsupported instruction: COMMENT
Unsupported instruction: COMMENT
Unsupported instruction: COMMENT
Unsupported instruction: COMMENT
Unsupported instruction: COMMENT

Trial completed!
Trial name: conan-io__conan-18493__oracle__v2-oracle
Task: conan-io__conan-18493
Started: 2026-09-03 17:25:50.946806+00:00
Finished: 2026-09-03 17:39:06.347890+00:00
Rewards: {'reward': 1.0}
