started_at=2026-09-03T17:15:52.121583+00:00
command=uv run --no-dev --extra e2b --project /tmp/critique-harbor-src-20260903 harbor trial start --path /Users/repathkhan/critique/critique/benchmarks/mercury_v2/tasks/featbench/aiogram__aiogram-1670 --agent oracle --env e2b --trial-name aiogram__aiogram-1670__oracle__v2-oracle --trials-dir /Users/repathkhan/critique/critique/benchmarks/mercury_v2/results/mercury-v2/trials --agent-timeout 3600 --agent-setup-timeout 1800 --verifier-timeout 1800 --delete
Starting trial: aiogram__aiogram-1670__oracle__v2-oracle
Task: aiogram__aiogram-1670
Agent: oracle
Environment: e2b
Trials directory: 
/Users/repathkhan/critique/critique/benchmarks/mercury_v2/results/mercury-v2/tri
als
Response 404
Unsupported instruction: COMMENT
Unsupported instruction: COMMENT
Unsupported instruction: COMMENT
Unsupported instruction: COMMENT

Trial completed!
Trial name: aiogram__aiogram-1670__oracle__v2-oracle
Task: aiogram__aiogram-1670
Started: 2026-09-03 17:15:52.491955+00:00
Finished: 2026-09-03 17:18:26.719663+00:00
Rewards: {'reward': 1.0}
