started_at=2026-09-03T17:03:01.225521+00:00
command=uv run --no-dev --extra e2b --project /tmp/critique-harbor-src-20260903 harbor trial start --path /Users/repathkhan/critique/critique/benchmarks/mercury_v2/tasks/featbench/jpadilla__pyjwt-979 --agent oracle --env e2b --trial-name jpadilla__pyjwt-979__oracle__v2-oracle --trials-dir /Users/repathkhan/critique/critique/benchmarks/mercury_v2/results/mercury-v2/trials --agent-timeout 3600 --agent-setup-timeout 1800 --verifier-timeout 1800 --delete
Starting trial: jpadilla__pyjwt-979__oracle__v2-oracle
Task: jpadilla__pyjwt-979
Agent: oracle
Environment: e2b
Trials directory: 
/Users/repathkhan/critique/critique/benchmarks/mercury_v2/results/mercury-v2/tri
als
Response 404
Unsupported instruction: COMMENT
Unsupported instruction: COMMENT
Unsupported instruction: COMMENT
Unsupported instruction: COMMENT

Trial completed!
Trial name: jpadilla__pyjwt-979__oracle__v2-oracle
Task: jpadilla__pyjwt-979
Started: 2026-09-03 17:03:01.596240+00:00
Finished: 2026-09-03 17:05:00.918265+00:00
Rewards: {'reward': 1.0}
