started_at=2026-09-03T17:01:00.671881+00:00
command=uv run --no-dev --extra e2b --project /tmp/critique-harbor-src-20260903 harbor trial start --path /Users/repathkhan/critique/critique/benchmarks/mercury_v2/tasks/featbench/huggingface__smolagents-1104 --agent oracle --env e2b --trial-name huggingface__smolagents-1104__oracle__v2-oracle --trials-dir /Users/repathkhan/critique/critique/benchmarks/mercury_v2/results/mercury-v2/trials --agent-timeout 3600 --agent-setup-timeout 1800 --verifier-timeout 1800 --delete
Starting trial: huggingface__smolagents-1104__oracle__v2-oracle
Task: huggingface__smolagents-1104
Agent: oracle
Environment: e2b
Trials directory: 
/Users/repathkhan/critique/critique/benchmarks/mercury_v2/results/mercury-v2/tri
als
Response 404
Unsupported instruction: COMMENT
Unsupported instruction: COMMENT
Unsupported instruction: COMMENT
Unsupported instruction: COMMENT

Trial completed!
Trial name: huggingface__smolagents-1104__oracle__v2-oracle
Task: huggingface__smolagents-1104
Started: 2026-09-03 17:01:01.041079+00:00
Finished: 2026-09-03 17:08:08.635310+00:00
Rewards: {'reward': 1.0}
