started_at=2026-09-03T17:07:16.542940+00:00
command=uv run --no-dev --extra e2b --project /tmp/critique-harbor-src-20260903 harbor trial start --path /Users/repathkhan/critique/critique/benchmarks/mercury_v2/tasks/featbench/stanfordnlp__dspy-8139 --agent oracle --env e2b --trial-name stanfordnlp__dspy-8139__oracle__v2-oracle --trials-dir /Users/repathkhan/critique/critique/benchmarks/mercury_v2/results/mercury-v2/trials --agent-timeout 3600 --agent-setup-timeout 1800 --verifier-timeout 1800 --delete
Starting trial: stanfordnlp__dspy-8139__oracle__v2-oracle
Task: stanfordnlp__dspy-8139
Agent: oracle
Environment: e2b
Trials directory: 
/Users/repathkhan/critique/critique/benchmarks/mercury_v2/results/mercury-v2/tri
als
Response 404
Unsupported instruction: COMMENT
Unsupported instruction: COMMENT
Unsupported instruction: COMMENT
Unsupported instruction: COMMENT

Trial completed!
Trial name: stanfordnlp__dspy-8139__oracle__v2-oracle
Task: stanfordnlp__dspy-8139
Started: 2026-09-03 17:07:16.915155+00:00
Finished: 2026-09-03 17:13:35.945346+00:00
Rewards: {'reward': 1.0}
