started_at=2026-09-03T16:56:28.192609+00:00
command=uv run --no-dev --extra e2b --project /tmp/critique-harbor-src-20260903 harbor trial start --path /Users/repathkhan/critique/critique/benchmarks/mercury_v2/tasks/featbench/projectmesa__mesa-2253 --agent oracle --env e2b --trial-name projectmesa__mesa-2253__oracle__v2-oracle --trials-dir /Users/repathkhan/critique/critique/benchmarks/mercury_v2/results/mercury-v2/trials --agent-timeout 3600 --agent-setup-timeout 1800 --verifier-timeout 1800 --delete
Starting trial: projectmesa__mesa-2253__oracle__v2-oracle
Task: projectmesa__mesa-2253
Agent: oracle
Environment: e2b
Trials directory: 
/Users/repathkhan/critique/critique/benchmarks/mercury_v2/results/mercury-v2/tri
als
Response 404
Unsupported instruction: COMMENT
Unsupported instruction: COMMENT
Unsupported instruction: COMMENT
Unsupported instruction: COMMENT
Unsupported instruction: COMMENT
Unsupported instruction: COMMENT
Unsupported instruction: COMMENT
Unsupported instruction: COMMENT

Trial completed!
Trial name: projectmesa__mesa-2253__oracle__v2-oracle
Task: projectmesa__mesa-2253
Started: 2026-09-03 16:56:28.562380+00:00
Finished: 2026-09-03 16:58:13.461912+00:00
Rewards: {'reward': 1.0}
sage: build was cancelled
