started_at=2026-09-03T16:58:13.568882+00:00
command=uv run --no-dev --extra e2b --project /tmp/critique-harbor-src-20260903 harbor trial start --path /Users/repathkhan/critique/critique/benchmarks/mercury_v2/tasks/featbench/huggingface__smolagents-1314 --agent oracle --env e2b --trial-name huggingface__smolagents-1314__oracle__v2-oracle --trials-dir /Users/repathkhan/critique/critique/benchmarks/mercury_v2/results/mercury-v2/trials --agent-timeout 3600 --agent-setup-timeout 1800 --verifier-timeout 1800 --delete
Starting trial: huggingface__smolagents-1314__oracle__v2-oracle
Task: huggingface__smolagents-1314
Agent: oracle
Environment: e2b
Trials directory: 
/Users/repathkhan/critique/critique/benchmarks/mercury_v2/results/mercury-v2/tri
als
Response 404
Unsupported instruction: COMMENT
Unsupported instruction: COMMENT
Unsupported instruction: COMMENT
Unsupported instruction: COMMENT

Trial completed!
Trial name: huggingface__smolagents-1314__oracle__v2-oracle
Task: huggingface__smolagents-1314
Started: 2026-09-03 16:58:13.947620+00:00
Finished: 2026-09-03 17:03:01.117842+00:00
Rewards: {'reward': 1.0}
