started_at=2026-09-03T16:55:34.336319+00:00
command=uv run --no-dev --extra e2b --project /tmp/critique-harbor-src-20260903 harbor trial start --path /Users/repathkhan/critique/critique/benchmarks/mercury_v2/tasks/featbench/projectmesa__mesa-2463 --agent oracle --env e2b --trial-name projectmesa__mesa-2463__oracle__v2-oracle --trials-dir /Users/repathkhan/critique/critique/benchmarks/mercury_v2/results/mercury-v2/trials --agent-timeout 3600 --agent-setup-timeout 1800 --verifier-timeout 1800 --delete
Starting trial: projectmesa__mesa-2463__oracle__v2-oracle
Task: projectmesa__mesa-2463
Agent: oracle
Environment: e2b
Trials directory: 
/Users/repathkhan/critique/critique/benchmarks/mercury_v2/results/mercury-v2/tri
als

Trial completed!
Trial name: projectmesa__mesa-2463__oracle__v2-oracle
Task: projectmesa__mesa-2463
Started: 2026-09-03 16:55:34.707195+00:00
Finished: 2026-09-03 16:56:41.584517+00:00
Rewards: {'reward': 1.0}
racle
Task: projectmesa__mesa-2463
Started: 2026-09-03 16:53:24.346007+00:00
Finished: 2026-09-03 16:56:01.053156+00:00
Rewards: {'reward': 1.0}
